components/AggregatedDataView.tsx(3,34): error TS2307: Cannot find module 'react-router-dom' or its corresponding type declarations.
components/AggregatedDataView.tsx(6,15): error TS2305: Module '"./types"' has no exported member 'AggregatedTestInfo'.
components/AggregatedDataView.tsx(6,35): error TS2305: Module '"./types"' has no exported member 'DetailedAggregatedData'.
components/AggregatedDataView.tsx(6,65): error TS2305: Module '"./types"' has no exported member 'PsychometricData'.
components/AggregatedDataView.tsx(7,41): error TS2307: Cannot find module '../App' or its corresponding type declarations.
components/AggregatedDataView.tsx(8,27): error TS2305: Module '"./common/Icons"' has no exported member 'BeakerIcon'.
components/AggregatedDataView.tsx(20,11): error TS2339: Property 'colors' does not exist on type 'BrandingContextType'.
components/AggregatedDataView.tsx(88,62): error TS7006: Parameter 'entry' implicitly has an 'any' type.
components/AggregatedDataView.tsx(88,69): error TS7006: Parameter 'index' implicitly has an 'any' type.
components/AggregatedDataView.tsx(102,65): error TS7006: Parameter 'entry' implicitly has an 'any' type.
components/AggregatedDataView.tsx(102,72): error TS7006: Parameter 'index' implicitly has an 'any' type.
components/AggregatedDataView.tsx(115,41): error TS7006: Parameter 'scaleData' implicitly has an 'any' type.
components/AggregatedDataView.tsx(144,105): error TS18046: 'value' is of type 'unknown'.
components/AggregatedDataView.tsx(156,88): error TS7006: Parameter 'name' implicitly has an 'any' type.
components/AggregatedDataView.tsx(160,81): error TS7006: Parameter 'row' implicitly has an 'any' type.
components/AggregatedDataView.tsx(160,86): error TS7006: Parameter 'i' implicitly has an 'any' type.
components/AggregatedDataView.tsx(163,51): error TS7006: Parameter 'val' implicitly has an 'any' type.
components/AggregatedDataView.tsx(163,56): error TS7006: Parameter 'j' implicitly has an 'any' type.
components/AiSettingsPage.tsx(3,34): error TS2307: Cannot find module 'react-router-dom' or its corresponding type declarations.
components/AiSettingsPage.tsx(5,15): error TS2305: Module '"./types"' has no exported member 'AiSettings'.
components/AiSettingsPage.tsx(6,47): error TS2307: Cannot find module '../App' or its corresponding type declarations.
components/BrandingSettings.tsx(62,57): error TS2345: Argument of type 'string | undefined' is not assignable to parameter of type 'string'.
  Type 'undefined' is not assignable to type 'string'.
components/BrandingSettings.tsx(63,55): error TS2345: Argument of type 'string | undefined' is not assignable to parameter of type 'string'.
  Type 'undefined' is not assignable to type 'string'.
components/BrandingSettings.tsx(64,57): error TS2345: Argument of type 'string | undefined' is not assignable to parameter of type 'string'.
  Type 'undefined' is not assignable to type 'string'.
components/BrandingSettings.tsx(65,57): error TS2345: Argument of type 'string | undefined' is not assignable to parameter of type 'string'.
  Type 'undefined' is not assignable to type 'string'.
components/BrandingSettings.tsx(293,52): error TS2322: Type 'string | undefined' is not assignable to type 'string'.
  Type 'undefined' is not assignable to type 'string'.
components/BrandingSettings.tsx(294,54): error TS2322: Type 'string | undefined' is not assignable to type 'string'.
  Type 'undefined' is not assignable to type 'string'.
components/BrandingSettings.tsx(295,66): error TS2322: Type 'string | undefined' is not assignable to type 'string'.
  Type 'undefined' is not assignable to type 'string'.
components/BrandingSettings.tsx(296,59): error TS2322: Type 'string | undefined' is not assignable to type 'string'.
  Type 'undefined' is not assignable to type 'string'.
components/BrandingSettings.tsx(301,42): error TS2322: Type 'string | undefined' is not assignable to type 'string'.
  Type 'undefined' is not assignable to type 'string'.
components/BrandingSettings.tsx(301,75): error TS2322: Type 'string | undefined' is not assignable to type 'string'.
  Type 'undefined' is not assignable to type 'string'.
components/BrandingSettings.tsx(302,74): error TS2345: Argument of type 'string | undefined' is not assignable to parameter of type 'string'.
  Type 'undefined' is not assignable to type 'string'.
components/BrandingSettings.tsx(302,103): error TS2322: Type 'string | undefined' is not assignable to type 'string'.
  Type 'undefined' is not assignable to type 'string'.
components/BrandingSettings.tsx(303,42): error TS2322: Type 'string | undefined' is not assignable to type 'string'.
  Type 'undefined' is not assignable to type 'string'.
components/BrandingSettings.tsx(303,76): error TS2322: Type 'string | undefined' is not assignable to type 'string'.
  Type 'undefined' is not assignable to type 'string'.
components/BrandingSettings.tsx(304,42): error TS2322: Type 'string | undefined' is not assignable to type 'string'.
  Type 'undefined' is not assignable to type 'string'.
components/BrandingSettings.tsx(304,80): error TS2322: Type 'string | undefined' is not assignable to type 'string'.
  Type 'undefined' is not assignable to type 'string'.
components/BrandingSettings.tsx(312,29): error TS2322: Type '{ children: string; class: string; }' is not assignable to type 'DetailedHTMLProps<HTMLAttributes<HTMLHeadingElement>, HTMLHeadingElement>'.
  Property 'class' does not exist on type 'DetailedHTMLProps<HTMLAttributes<HTMLHeadingElement>, HTMLHeadingElement>'. Did you mean 'className'?
components/BrandingSettings.tsx(323,29): error TS2322: Type '{ children: string; class: string; }' is not assignable to type 'DetailedHTMLProps<HTMLAttributes<HTMLHeadingElement>, HTMLHeadingElement>'.
  Property 'class' does not exist on type 'DetailedHTMLProps<HTMLAttributes<HTMLHeadingElement>, HTMLHeadingElement>'. Did you mean 'className'?
components/BrandingSettings.tsx(328,44): error TS2322: Type '{ content: string; onChange: (c: string) => void; }' is not assignable to type 'IntrinsicAttributes & RichTextInputProps'.
  Property 'content' does not exist on type 'IntrinsicAttributes & RichTextInputProps'.
components/BrandingSettings.tsx(334,29): error TS2322: Type '{ children: string; class: string; }' is not assignable to type 'DetailedHTMLProps<HTMLAttributes<HTMLHeadingElement>, HTMLHeadingElement>'.
  Property 'class' does not exist on type 'DetailedHTMLProps<HTMLAttributes<HTMLHeadingElement>, HTMLHeadingElement>'. Did you mean 'className'?
components/BrandingSettings.tsx(339,45): error TS2322: Type '{ content: string; onChange: (c: string) => void; }' is not assignable to type 'IntrinsicAttributes & RichTextInputProps'.
  Property 'content' does not exist on type 'IntrinsicAttributes & RichTextInputProps'.
components/BrandingSettings.tsx(349,59): error TS2322: Type 'string | undefined' is not assignable to type 'string'.
  Type 'undefined' is not assignable to type 'string'.
components/BrandingSettings.tsx(350,57): error TS2322: Type 'string | undefined' is not assignable to type 'string'.
  Type 'undefined' is not assignable to type 'string'.
components/BrandingSettings.tsx(351,62): error TS2322: Type 'string | undefined' is not assignable to type 'string'.
  Type 'undefined' is not assignable to type 'string'.
components/BrandingSettings.tsx(352,64): error TS2322: Type 'string | undefined' is not assignable to type 'string'.
  Type 'undefined' is not assignable to type 'string'.
components/BrandingSettings.tsx(358,55): error TS2322: Type 'string | undefined' is not assignable to type 'string'.
  Type 'undefined' is not assignable to type 'string'.
components/BrandingSettings.tsx(359,57): error TS2322: Type 'string | undefined' is not assignable to type 'string'.
  Type 'undefined' is not assignable to type 'string'.
components/BrandingSettings.tsx(360,54): error TS2322: Type 'string | undefined' is not assignable to type 'string'.
  Type 'undefined' is not assignable to type 'string'.
components/BrandingSettings.tsx(366,61): error TS2322: Type 'string | undefined' is not assignable to type 'string'.
  Type 'undefined' is not assignable to type 'string'.
components/BrandingSettings.tsx(367,63): error TS2322: Type 'string | undefined' is not assignable to type 'string'.
  Type 'undefined' is not assignable to type 'string'.
components/BrandingSettings.tsx(368,64): error TS2322: Type 'string | undefined' is not assignable to type 'string'.
  Type 'undefined' is not assignable to type 'string'.
components/BrandingSettings.tsx(369,66): error TS2322: Type 'string | undefined' is not assignable to type 'string'.
  Type 'undefined' is not assignable to type 'string'.
components/BrandingStyles.tsx(48,47): error TS2345: Argument of type 'string | undefined' is not assignable to parameter of type 'string | null'.
  Type 'undefined' is not assignable to type 'string | null'.
components/BrandingStyles.tsx(49,49): error TS2345: Argument of type 'string | undefined' is not assignable to parameter of type 'string | null'.
  Type 'undefined' is not assignable to type 'string | null'.
components/BrandingStyles.tsx(50,46): error TS2345: Argument of type 'string | undefined' is not assignable to parameter of type 'string | null'.
  Type 'undefined' is not assignable to type 'string | null'.
components/BrandingStyles.tsx(51,50): error TS2345: Argument of type 'string | undefined' is not assignable to parameter of type 'string | null'.
  Type 'undefined' is not assignable to type 'string | null'.
components/BrandingStyles.tsx(52,44): error TS2345: Argument of type 'string | undefined' is not assignable to parameter of type 'string | null'.
  Type 'undefined' is not assignable to type 'string | null'.
components/BrandingStyles.tsx(53,46): error TS2345: Argument of type 'string | undefined' is not assignable to parameter of type 'string | null'.
  Type 'undefined' is not assignable to type 'string | null'.
components/BrandingStyles.tsx(54,56): error TS2345: Argument of type 'string | undefined' is not assignable to parameter of type 'string | null'.
  Type 'undefined' is not assignable to type 'string | null'.
components/BrandingStyles.tsx(55,50): error TS2345: Argument of type 'string | undefined' is not assignable to parameter of type 'string | null'.
  Type 'undefined' is not assignable to type 'string | null'.
components/BrandingStyles.tsx(56,45): error TS2345: Argument of type 'string | undefined' is not assignable to parameter of type 'string | null'.
  Type 'undefined' is not assignable to type 'string | null'.
components/BrandingStyles.tsx(57,47): error TS2345: Argument of type 'string | undefined' is not assignable to parameter of type 'string | null'.
  Type 'undefined' is not assignable to type 'string | null'.
components/BrandingStyles.tsx(58,47): error TS2345: Argument of type 'string | undefined' is not assignable to parameter of type 'string | null'.
  Type 'undefined' is not assignable to type 'string | null'.
components/BrandingStyles.tsx(59,45): error TS2345: Argument of type 'string | undefined' is not assignable to parameter of type 'string | null'.
  Type 'undefined' is not assignable to type 'string | null'.
components/BrandingStyles.tsx(60,56): error TS2345: Argument of type 'string | undefined' is not assignable to parameter of type 'string | null'.
  Type 'undefined' is not assignable to type 'string | null'.
components/BrandingStyles.tsx(61,49): error TS2345: Argument of type 'string | undefined' is not assignable to parameter of type 'string | null'.
  Type 'undefined' is not assignable to type 'string | null'.
components/BrandingStyles.tsx(62,60): error TS2345: Argument of type 'string | undefined' is not assignable to parameter of type 'string | null'.
  Type 'undefined' is not assignable to type 'string | null'.
components/BrandingStyles.tsx(65,85): error TS2345: Argument of type 'string | undefined' is not assignable to parameter of type 'string'.
  Type 'undefined' is not assignable to type 'string'.
components/common/RichTextInput.tsx(2,10): error TS2305: Module '"./Icons"' has no exported member 'BoldIcon'.
components/common/RichTextInput.tsx(2,20): error TS2305: Module '"./Icons"' has no exported member 'ItalicIcon'.
components/common/RichTextInput.tsx(2,32): error TS2305: Module '"./Icons"' has no exported member 'UnderlineIcon'.
components/common/RichTextInput.tsx(2,47): error TS2305: Module '"./Icons"' has no exported member 'LinkIcon'.
components/common/RichTextInput.tsx(86,9): error TS2322: Type '{ ref: RefObject<HTMLDivElement>; contentEditable: true; onInput: (e: FormEvent<HTMLDivElement>) => void; dangerouslySetInnerHTML: { ...; }; placeholder: string | undefined; className: string; style: { ...; }; }' is not assignable to type 'DetailedHTMLProps<HTMLAttributes<HTMLDivElement>, HTMLDivElement>'.
  Property 'placeholder' does not exist on type 'DetailedHTMLProps<HTMLAttributes<HTMLDivElement>, HTMLDivElement>'.
components/common/ToastContainer.tsx(3,10): error TS2305: Module '"./Icons"' has no exported member 'SuccessIcon'.
components/common/ToastContainer.tsx(3,23): error TS2305: Module '"./Icons"' has no exported member 'ErrorIcon'.
components/common/ToastContainer.tsx(3,34): error TS2305: Module '"./Icons"' has no exported member 'InfoIcon'.
components/EmailSettingsPage.tsx(2,34): error TS2307: Cannot find module 'react-router-dom' or its corresponding type declarations.
components/EmailSettingsPage.tsx(4,15): error TS2305: Module '"./types"' has no exported member 'EmailSettings'.
components/EmailSettingsPage.tsx(5,47): error TS2307: Cannot find module '../App' or its corresponding type declarations.
components/EmailSettingsPage.tsx(109,17): error TS2322: Type '{ initialValue: EmailSettings; onSave: (value: any) => void; availableTags: { name: string; description: string; }[]; }' is not assignable to type 'IntrinsicAttributes & RichTextInputProps'.
  Property 'initialValue' does not exist on type 'IntrinsicAttributes & RichTextInputProps'.
components/EmailSettingsPage.tsx(110,25): error TS7006: Parameter 'value' implicitly has an 'any' type.
components/HealthDashboardPage.tsx(3,15): error TS2305: Module '"./types"' has no exported member 'SystemCheckResult'.
components/ServerConfigPage.tsx(3,34): error TS2307: Cannot find module 'react-router-dom' or its corresponding type declarations.
components/ServerConfigPage.tsx(5,41): error TS2307: Cannot find module '../App' or its corresponding type declarations.
components/ServerConfigPage.tsx(6,10): error TS2305: Module '"./common/Icons"' has no exported member 'KeyIcon'.
components/ServerConfigPage.tsx(6,19): error TS2305: Module '"./common/Icons"' has no exported member 'LockClosedIcon'.
components/ServerConfigPage.tsx(6,35): error TS2305: Module '"./common/Icons"' has no exported member 'CheckCircleIcon'.
components/TemplateEditor.tsx(3,40): error TS2307: Cannot find module 'react-router-dom' or its corresponding type declarations.
components/TherapistDashboard.tsx(80,20): error TS2345: Argument of type '(prev: AccessCode[]) => (AccessCode | { code: string; testId: string; generatedByTherapistId: string; isUsed: boolean; expiresAt: string; createdAt: string; })[]' is not assignable to parameter of type 'SetStateAction<AccessCode[]>'.
  Type '(prev: AccessCode[]) => (AccessCode | { code: string; testId: string; generatedByTherapistId: string; isUsed: boolean; expiresAt: string; createdAt: string; })[]' is not assignable to type '(prevState: AccessCode[]) => AccessCode[]'.
    Type '(AccessCode | { code: string; testId: string; generatedByTherapistId: string; isUsed: boolean; expiresAt: string; createdAt: string; })[]' is not assignable to type 'AccessCode[]'.
      Type 'AccessCode | { code: string; testId: string; generatedByTherapistId: string; isUsed: boolean; expiresAt: string; createdAt: string; }' is not assignable to type 'AccessCode'.
        Property 'therapistId' is missing in type '{ code: string; testId: string; generatedByTherapistId: string; isUsed: boolean; expiresAt: string; createdAt: string; }' but required in type 'AccessCode'.
components/TherapistDashboard.tsx(209,24): error TS2802: Type 'MapIterator<TestResult>' can only be iterated through when using the '--downlevelIteration' flag or with a '--target' of 'es2015' or higher.
services/apiClient.ts(7,5): error TS2741: Property 'fullName' is missing in type '{ id: string; username: string; email: string; role: UserRole.Admin; createdAt: string; }' but required in type 'User'.
services/apiClient.ts(15,5): error TS2741: Property 'fullName' is missing in type '{ id: string; username: string; email: string; role: UserRole.Therapist; createdAt: string; }' but required in type 'User'.
